Microchip MPLAB XC8 Compiler V2.46

Linker command line:

-W-3 \
  --edf=C:\Program Files\Microchip\xc8\v2.46\pic\dat\20240104201356_en.msgs \
  -cn -h+dist/default/production\digital_keypad.X.production.sym \
  --cmf=dist/default/production\digital_keypad.X.production.cmf -z \
  -Q16F877A -oC:\Users\LENOVO\AppData\Local\Temp\xcAsbgo.\driver_tmp_3.o \
  --defsym=__MPLAB_BUILD=1 --fixupoverflow=error \
  -Mdist/default/production/digital_keypad.X.production.map \
  --md=C:\Users\LENOVO\AppData\Local\Temp\xcAsbgo.\driver_tmp_0.dat -E1 \
  -ver=XC8 Compiler --acfsm=1493 -ACODE=00h-07FFhx4 -ASTRCODE=00h-01FFFh \
  -ASTRING=00h-0FFhx32 -ACONST=00h-0FFhx32 -AENTRY=00h-0FFhx32 \
  -ACOMMON=070h-07Fh -ABANK0=020h-06Fh -ABANK1=0A0h-0EFh \
  -ABANK2=0110h-016Fh -ABANK3=0190h-01EFh \
  -ARAM=020h-06Fh,0A0h-0EFh,0110h-016Fh,0190h-01EFh \
  -AABS1=020h-07Fh,0A0h-0EFh,0110h-016Fh,0190h-01EFh -ASFR0=00h-01Fh \
  -ASFR1=080h-09Fh -ASFR2=0100h-010Fh -ASFR3=0180h-018Fh \
  -ACONFIG=02007h-02007h -DCONFIG=2 -AIDLOC=02000h-02003h -DIDLOC=2 \
  -AEEDATA=00h-0FFh/02100h -peeprom_data=EEDATA -DEEDATA=2 -DCODE=2 \
  -DSTRCODE=2 -DSTRING=2 -DCONST=2 -DENTRY=2 \
  -preset_vec=00h,intentry,sivt,init,end_init -ppowerup=CODE -pcinit=CODE \
  -pfunctab=ENTRY -k \
  C:\Users\LENOVO\AppData\Local\Temp\xcAsbgo.\driver_tmp_12.o \
  dist/default/production\digital_keypad.X.production.o 

Object code version is 3.11

Machine type is 16F877A



                Name                               Link     Load   Length Selector   Space Scale
C:\Users\LENOVO\AppData\Local\Temp\xcAsbgo.\driver_tmp_12.o
                end_init                              0        0        3        0       0
                config                             2007     2007        1        0       4
dist/default/production\digital_keypad.X.production.o
                cinit                               7F6      7F6        A      FEC       0
                config                             2007     2007        1        0       4
                text3                               71F      71F        6      E3E       0
                text2                               725      725        C      E4A       0
                text1                               731      731       2A      E62       0
                maintext                            75B      75B       9B      EB6       0
                cstackBANK0                          20       20        D       20       1
                cstackCOMMON                         70       70        2       70       1
                dataCOMMON                           72       72        1       70       1
                idataCOMMON                         71E      71E        1      E3C       0

TOTAL           Name                               Link     Load   Length     Space
        CLASS   CODE           
                end_init                              0        0        3         0
                cinit                               7F6      7F6        A         0
                text3                               71F      71F        6         0
                text2                               725      725        C         0
                text1                               731      731       2A         0
                maintext                            75B      75B       9B         0
                idataCOMMON                         71E      71E        1         0

        CLASS   STRCODE        

        CLASS   STRING         

        CLASS   CONST          

        CLASS   ENTRY          

        CLASS   COMMON         
                cstackCOMMON                         70       70        2         1
                dataCOMMON                           72       72        1         1

        CLASS   BANK0          
                cstackBANK0                          20       20        D         1

        CLASS   BANK1          

        CLASS   BANK2          

        CLASS   BANK3          

        CLASS   RAM            

        CLASS   ABS1           
                abs_s1                               7E       7E        2         1

        CLASS   SFR0           

        CLASS   SFR1           

        CLASS   SFR2           

        CLASS   SFR3           

        CLASS   CONFIG         
                config                             2007     2007        1         4

        CLASS   IDLOC          

        CLASS   EEDATA         

        CLASS   HEAP           

        CLASS   STACK          



SEGMENTS        Name                           Load    Length   Top    Selector   Space  Class     Delta

                reset_vec                      000000  000003  000003         0       0  CODE        2
                cstackBANK0                    000020  00000D  00002D        20       1  BANK0       1
                cstackCOMMON                   000070  000003  000073        70       1  COMMON      1
                idataCOMMON                    00071E  000001  00071F       E3C       0  CODE        2
                text3                          00071F  000006  000725       E3E       0  CODE        2
                text2                          000725  00000C  000731       E4A       0  CODE        2
                text1                          000731  00002A  00075B       E62       0  CODE        2
                maintext                       00075B  00009B  0007F6       EB6       0  CODE        2
                cinit                          0007F6  00000A  000800       FEC       0  CODE        2


UNUSED ADDRESS RANGES

        Name                Unused          Largest block    Delta
        BANK0            002D-006F             43           1
        BANK1            00A0-00EF             50           1
        BANK2            0110-016F             60           1
        BANK3            0190-01EF             60           1
        CODE             0003-071D            71B           2
                         0800-1FFF            800
        COMMON           0073-007D              B           1
        CONST            0003-071D            100           2
                         0800-1FFF            100
        EEDATA           2100-21FF            100           2
        ENTRY            0003-071D            100           2
                         0800-1FFF            100
        IDLOC            2000-2003              4           2
        RAM              002D-006F             43           1
                         00A0-00EF             50
                         0110-016F             60
                         0190-01EF             60
        SFR0             0000-001F             20           1
        SFR1             0080-009F             20           1
        SFR2             0100-010F             10           1
        SFR3             0180-018F             10           1
        STRCODE          0003-071D            71B           2
                         0800-1FFF           1800
        STRING           0003-071D            100           2
                         0800-1FFF            100

                                  Symbol Table

_PORTB                       (abs)        0006
_PORTD                       (abs)        0008
_TRISB                       (abs)        0086
_TRISD                       (abs)        0088
__H__absolute__              __absolute__ 0000
__Habs1                      abs1         0000
__Hbank0                     bank0        0000
__Hbank1                     bank1        0000
__Hbank2                     bank2        0000
__Hbank3                     bank3        0000
__Hcinit                     cinit        0800
__Hclrtext                   clrtext      0000
__Hcode                      code         0000
__Hcommon                    common       0000
__Hconfig                    config       2008
__HcstackBANK0               cstackBANK0  0000
__HcstackCOMMON              cstackCOMMON 0000
__HdataCOMMON                dataCOMMON   0000
__Heeprom_data               eeprom_data  0000
__Hend_init                  end_init     0003
__Hfunctab                   functab      0000
__Hheap                      heap         0000
__HidataCOMMON               idataCOMMON  0000
__Hinit                      init         0000
__Hintentry                  intentry     0000
__Hmaintext                  maintext     0000
__Hpowerup                   powerup      0000
__Hram                       ram          0000
__Hreset_vec                 reset_vec    0000
__Hsfr0                      sfr0         0000
__Hsfr1                      sfr1         0000
__Hsfr2                      sfr2         0000
__Hsfr3                      sfr3         0000
__Hsivt                      sivt         0000
__Hspace_0                   (abs)        0800
__Hspace_1                   (abs)        0073
__Hspace_2                   (abs)        0000
__Hspace_3                   (abs)        0000
__Hspace_4                   (abs)        400F
__Hstack                     stack        0000
__Hstrings                   strings      0000
__Htext                      text         0000
__L__absolute__              __absolute__ 0000
__Labs1                      abs1         0000
__Lbank0                     bank0        0000
__Lbank1                     bank1        0000
__Lbank2                     bank2        0000
__Lbank3                     bank3        0000
__Lcinit                     cinit        07F6
__Lclrtext                   clrtext      0000
__Lcode                      code         0000
__Lcommon                    common       0000
__Lconfig                    config       0000
__LcstackBANK0               cstackBANK0  0000
__LcstackCOMMON              cstackCOMMON 0000
__LdataCOMMON                dataCOMMON   0000
__Leeprom_data               eeprom_data  0000
__Lend_init                  end_init     0000
__Lfunctab                   functab      0000
__Lheap                      heap         0000
__LidataCOMMON               idataCOMMON  0000
__Linit                      init         0000
__Lintentry                  intentry     0000
__Lmaintext                  maintext     0000
__Lpowerup                   powerup      0000
__Lram                       ram          0000
__Lreset_vec                 reset_vec    0000
__Lsfr0                      sfr0         0000
__Lsfr1                      sfr1         0000
__Lsfr2                      sfr2         0000
__Lsfr3                      sfr3         0000
__Lsivt                      sivt         0000
__Lspace_0                   (abs)        0000
__Lspace_1                   (abs)        0000
__Lspace_2                   (abs)        0000
__Lspace_3                   (abs)        0000
__Lspace_4                   (abs)        0000
__Lstack                     stack        0000
__Lstrings                   strings      0000
__Ltext                      text         0000
__S0                         (abs)        0800
__S1                         (abs)        0073
__S3                         (abs)        0000
___heap_hi                   (abs)        0000
___heap_lo                   (abs)        0000
___int_sp                    stack        0000
___int_stack_hi              stack        0000
___int_stack_lo              stack        0000
___latbits                   (abs)        0002
___sp                        stack        0000
___stack_hi                  stack        0000
___stack_lo                  stack        0000
___stackhi                   (abs)        0000
___stacklo                   (abs)        0000
__end_of__initialization     cinit        07FC
__end_of_init_config         text2        0731
__end_of_init_digital_keypad text3        0725
__end_of_main                maintext     07F6
__end_of_read_digital_keypad text1        075B
__initialization             cinit        07F6
__pcstackBANK0               cstackBANK0  0020
__pcstackCOMMON              cstackCOMMON 0070
__pdataCOMMON                dataCOMMON   0072
__pidataCOMMON               idataCOMMON  071E
__pmaintext                  maintext     075B
__ptext1                     text1        0731
__ptext2                     text2        0725
__ptext3                     text3        071F
_init_config                 text2        0725
_init_digital_keypad         text3        071F
_main                        maintext     075B
_read_digital_keypad         text1        0731
btemp                        (abs)        007E
end_of_initialization        cinit        07FC
intlevel0                    functab      0000
intlevel1                    functab      0000
intlevel2                    functab      0000
intlevel3                    functab      0000
intlevel4                    functab      0000
intlevel5                    functab      0000
main@key                     cstackBANK0  002C
main@wait                    cstackBANK0  0020
main@wait_43                 cstackBANK0  0022
main@wait_44                 cstackBANK0  0024
main@wait_45                 cstackBANK0  0026
main@wait_46                 cstackBANK0  0028
main@wait_47                 cstackBANK0  002A
read_digital_keypad@mode     cstackCOMMON 0071
read_digital_keypad@once     dataCOMMON   0072
reset_vec                    reset_vec    0000
start                        init         0000
start_initialization         cinit        07F6
wtemp0                       (abs)        007E


MODULE INFORMATION

Module		Function		Class		Link	Load	Size
digital_keypad.c
		_init_digital_keypad		CODE           	071F	0000	6
		_read_digital_keypad		CODE           	0731	0000	42

digital_keypad.c estimated size: 48

shared
		__initialization		CODE           	07F6	0000	6

shared estimated size: 6

main.c
		_main          		CODE           	075B	0000	155
		_init_config   		CODE           	0725	0000	12

main.c estimated size: 167

